Release 9.2i - xst J.36
Copyright (c) 1995-2007 Xilinx, Inc.  All rights reserved.
--> Parameter TMPDIR set to ./xst/projnav.tmp
CPU : 0.00 / 0.12 s | Elapsed : 0.00 / 0.00 s
 
--> Parameter xsthdpdir set to ./xst
CPU : 0.00 / 0.12 s | Elapsed : 0.00 / 0.00 s
 
--> Reading design: TP1_2.prj

TABLE OF CONTENTS
  1) Synthesis Options Summary
  2) HDL Compilation
  3) Design Hierarchy Analysis
  4) HDL Analysis
  5) HDL Synthesis
     5.1) HDL Synthesis Report
  6) Advanced HDL Synthesis
     6.1) Advanced HDL Synthesis Report
  7) Low Level Synthesis
  8) Partition Report
  9) Final Report
     9.1) Device utilization summary
     9.2) Partition Resource Summary
     9.3) TIMING REPORT


=========================================================================
*                      Synthesis Options Summary                        *
=========================================================================
---- Source Parameters
Input File Name                    : "TP1_2.prj"
Input Format                       : mixed
Ignore Synthesis Constraint File   : NO

---- Target Parameters
Output File Name                   : "TP1_2"
Output Format                      : NGC
Target Device                      : xc3s500e-5-fg320

---- Source Options
Top Module Name                    : TP1_2
Automatic FSM Extraction           : YES
FSM Encoding Algorithm             : Auto
Safe Implementation                : No
FSM Style                          : lut
RAM Extraction                     : Yes
RAM Style                          : Auto
ROM Extraction                     : Yes
Mux Style                          : Auto
Decoder Extraction                 : YES
Priority Encoder Extraction        : YES
Shift Register Extraction          : YES
Logical Shifter Extraction         : YES
XOR Collapsing                     : YES
ROM Style                          : Auto
Mux Extraction                     : YES
Resource Sharing                   : YES
Asynchronous To Synchronous        : NO
Multiplier Style                   : auto
Automatic Register Balancing       : No

---- Target Options
Add IO Buffers                     : YES
Global Maximum Fanout              : 500
Add Generic Clock Buffer(BUFG)     : 24
Register Duplication               : YES
Slice Packing                      : YES
Optimize Instantiated Primitives   : NO
Use Clock Enable                   : Yes
Use Synchronous Set                : Yes
Use Synchronous Reset              : Yes
Pack IO Registers into IOBs        : auto
Equivalent register Removal        : YES

---- General Options
Optimization Goal                  : Speed
Optimization Effort                : 1
Library Search Order               : TP1_2.lso
Keep Hierarchy                     : NO
RTL Output                         : Yes
Global Optimization                : AllClockNets
Read Cores                         : YES
Write Timing Constraints           : NO
Cross Clock Analysis               : NO
Hierarchy Separator                : /
Bus Delimiter                      : <>
Case Specifier                     : maintain
Slice Utilization Ratio            : 100
BRAM Utilization Ratio             : 100
Verilog 2001                       : YES
Auto BRAM Packing                  : NO
Slice Utilization Ratio Delta      : 5

=========================================================================


=========================================================================
*                          HDL Compilation                              *
=========================================================================
Compiling vhdl file "D:/3.Facultad/3ero/Sistemas Digitales I/TP/TP1-2/TP1_2/TP1_2.vhd" in Library work.
Architecture behavioral of Entity tp1_2 is up to date.

=========================================================================
*                     Design Hierarchy Analysis                         *
=========================================================================
Analyzing hierarchy for entity <TP1_2> in library <work> (architecture <behavioral>).


=========================================================================
*                            HDL Analysis                               *
=========================================================================
Analyzing Entity <TP1_2> in library <work> (Architecture <behavioral>).
Entity <TP1_2> analyzed. Unit <TP1_2> generated.


=========================================================================
*                           HDL Synthesis                               *
=========================================================================

Performing bidirectional port resolution...

Synthesizing Unit <TP1_2>.
    Related source file is "D:/3.Facultad/3ero/Sistemas Digitales I/TP/TP1-2/TP1_2/TP1_2.vhd".
WARNING:Xst:2734 - Property "use_dsp48" is not applicable for this technology.
    Found 32-bit register for signal <CT2>.
    Found 32-bit adder for signal <CT2$share0000>.
    Found 1-bit register for signal <FT2>.
    Found 32-bit comparator greater for signal <FT2$cmp_gt0000> created at line 103.
    Found 1-bit register for signal <Q01>.
    Found 1-bit register for signal <Q02>.
    Found 1-bit register for signal <Q03>.
    Found 1-bit register for signal <Q04>.
    Found 1-bit register for signal <Q05>.
    Found 1-bit register for signal <Q06>.
    Found 1-bit register for signal <Q07>.
    Found 1-bit register for signal <Q08>.
    Found 1-bit register for signal <Q09>.
    Found 1-bit register for signal <Q10>.
    Found 1-bit register for signal <Q11>.
    Found 1-bit register for signal <Q12>.
    Found 1-bit register for signal <Q13>.
    Summary:
	inferred  46 D-type flip-flop(s).
	inferred   1 Adder/Subtractor(s).
	inferred   1 Comparator(s).
Unit <TP1_2> synthesized.

INFO:Xst:1767 - HDL ADVISOR - Resource sharing has identified that some arithmetic operations in this design can share the same physical resources for reduced device utilization. For improved clock frequency you may try to disable resource sharing.

=========================================================================
HDL Synthesis Report

Macro Statistics
# Adders/Subtractors                                   : 1
 32-bit adder                                          : 1
# Registers                                            : 15
 1-bit register                                        : 14
 32-bit register                                       : 1
# Comparators                                          : 1
 32-bit comparator greater                             : 1

=========================================================================

=========================================================================
*                       Advanced HDL Synthesis                          *
=========================================================================

Loading device for application Rf_Device from file '3s500e.nph' in environment C:\Xilinx92i.

=========================================================================
Advanced HDL Synthesis Report

Macro Statistics
# Adders/Subtractors                                   : 1
 32-bit adder                                          : 1
# Registers                                            : 46
 Flip-Flops                                            : 46
# Comparators                                          : 1
 32-bit comparator greater                             : 1

=========================================================================

=========================================================================
*                         Low Level Synthesis                           *
=========================================================================

Optimizing unit <TP1_2> ...

Mapping all equations...
Building and optimizing final netlist ...
Found area constraint ratio of 100 (+ 5) on block TP1_2, actual ratio is 1.

Final Macro Processing ...

=========================================================================
Final Register Report

Macro Statistics
# Registers                                            : 46
 Flip-Flops                                            : 46

=========================================================================

=========================================================================
*                          Partition Report                             *
=========================================================================

Partition Implementation Status
-------------------------------

  No Partitions were found in this design.

-------------------------------

=========================================================================
*                            Final Report                               *
=========================================================================
Final Results
RTL Top Level Output File Name     : TP1_2.ngr
Top Level Output File Name         : TP1_2
Output Format                      : NGC
Optimization Goal                  : Speed
Keep Hierarchy                     : NO

Design Statistics
# IOs                              : 5

Cell Usage :
# BELS                             : 200
#      GND                         : 1
#      INV                         : 4
#      LUT1                        : 31
#      LUT2                        : 41
#      LUT2_D                      : 4
#      LUT3                        : 9
#      LUT3_D                      : 2
#      LUT3_L                      : 1
#      LUT4                        : 29
#      LUT4_D                      : 1
#      LUT4_L                      : 1
#      MUXCY                       : 41
#      MUXF5                       : 3
#      VCC                         : 1
#      XORCY                       : 31
# FlipFlops/Latches                : 46
#      FDC                         : 1
#      FDCE                        : 44
#      FDPE                        : 1
# Clock Buffers                    : 1
#      BUFGP                       : 1
# IO Buffers                       : 4
#      IBUF                        : 3
#      OBUF                        : 1
=========================================================================

Device utilization summary:
---------------------------

Selected Device : 3s500efg320-5 

 Number of Slices:                      65  out of   4656     1%  
 Number of Slice Flip Flops:            46  out of   9312     0%  
 Number of 4 input LUTs:               123  out of   9312     1%  
 Number of IOs:                          5
 Number of bonded IOBs:                  5  out of    232     2%  
 Number of GCLKs:                        1  out of     24     4%  

---------------------------
Partition Resource Summary:
---------------------------

  No Partitions were found in this design.

---------------------------


=========================================================================
TIMING REPORT

NOTE: THESE TIMING NUMBERS ARE ONLY A SYNTHESIS ESTIMATE.
      FOR ACCURATE TIMING INFORMATION PLEASE REFER TO THE TRACE REPORT
      GENERATED AFTER PLACE-and-ROUTE.

Clock Information:
------------------
-----------------------------------+------------------------+-------+
Clock Signal                       | Clock buffer(FF name)  | Load  |
-----------------------------------+------------------------+-------+
Clk                                | BUFGP                  | 46    |
-----------------------------------+------------------------+-------+

Asynchronous Control Signals Information:
----------------------------------------
-----------------------------------+------------------------+-------+
Control Signal                     | Buffer(FF name)        | Load  |
-----------------------------------+------------------------+-------+
R                                  | IBUF                   | 46    |
-----------------------------------+------------------------+-------+

Timing Summary:
---------------
Speed Grade: -5

   Minimum period: 5.560ns (Maximum Frequency: 179.841MHz)
   Minimum input arrival time before clock: 7.332ns
   Maximum output required time after clock: 4.221ns
   Maximum combinational path delay: No path found

Timing Detail:
--------------
All values displayed in nanoseconds (ns)

=========================================================================
Timing constraint: Default period analysis for Clock 'Clk'
  Clock period: 5.560ns (frequency: 179.841MHz)
  Total number of paths / destination ports: 1215 / 91
-------------------------------------------------------------------------
Delay:               5.560ns (Levels of Logic = 33)
  Source:            CT2_1 (FF)
  Destination:       CT2_31 (FF)
  Source Clock:      Clk rising
  Destination Clock: Clk rising

  Data Path: CT2_1 to CT2_31
                                Gate     Net
    Cell:in->out      fanout   Delay   Delay  Logical Name (Net Name)
    ----------------------------------------  ------------
     FDCE:C->Q             2   0.514   0.532  CT2_1 (CT2_1)
     LUT1:I0->O            1   0.612   0.000  Madd_CT2_share0000_cy<1>_rt (Madd_CT2_share0000_cy<1>_rt)
     MUXCY:S->O            1   0.404   0.000  Madd_CT2_share0000_cy<1> (Madd_CT2_share0000_cy<1>)
     MUXCY:CI->O           1   0.052   0.000  Madd_CT2_share0000_cy<2> (Madd_CT2_share0000_cy<2>)
     MUXCY:CI->O           1   0.052   0.000  Madd_CT2_share0000_cy<3> (Madd_CT2_share0000_cy<3>)
     MUXCY:CI->O           1   0.052   0.000  Madd_CT2_share0000_cy<4> (Madd_CT2_share0000_cy<4>)
     MUXCY:CI->O           1   0.052   0.000  Madd_CT2_share0000_cy<5> (Madd_CT2_share0000_cy<5>)
     MUXCY:CI->O           1   0.052   0.000  Madd_CT2_share0000_cy<6> (Madd_CT2_share0000_cy<6>)
     MUXCY:CI->O           1   0.052   0.000  Madd_CT2_share0000_cy<7> (Madd_CT2_share0000_cy<7>)
     MUXCY:CI->O           1   0.052   0.000  Madd_CT2_share0000_cy<8> (Madd_CT2_share0000_cy<8>)
     MUXCY:CI->O           1   0.052   0.000  Madd_CT2_share0000_cy<9> (Madd_CT2_share0000_cy<9>)
     MUXCY:CI->O           1   0.052   0.000  Madd_CT2_share0000_cy<10> (Madd_CT2_share0000_cy<10>)
     MUXCY:CI->O           1   0.052   0.000  Madd_CT2_share0000_cy<11> (Madd_CT2_share0000_cy<11>)
     MUXCY:CI->O           1   0.052   0.000  Madd_CT2_share0000_cy<12> (Madd_CT2_share0000_cy<12>)
     MUXCY:CI->O           1   0.052   0.000  Madd_CT2_share0000_cy<13> (Madd_CT2_share0000_cy<13>)
     MUXCY:CI->O           1   0.052   0.000  Madd_CT2_share0000_cy<14> (Madd_CT2_share0000_cy<14>)
     MUXCY:CI->O           1   0.052   0.000  Madd_CT2_share0000_cy<15> (Madd_CT2_share0000_cy<15>)
     MUXCY:CI->O           1   0.052   0.000  Madd_CT2_share0000_cy<16> (Madd_CT2_share0000_cy<16>)
     MUXCY:CI->O           1   0.052   0.000  Madd_CT2_share0000_cy<17> (Madd_CT2_share0000_cy<17>)
     MUXCY:CI->O           1   0.052   0.000  Madd_CT2_share0000_cy<18> (Madd_CT2_share0000_cy<18>)
     MUXCY:CI->O           1   0.052   0.000  Madd_CT2_share0000_cy<19> (Madd_CT2_share0000_cy<19>)
     MUXCY:CI->O           1   0.052   0.000  Madd_CT2_share0000_cy<20> (Madd_CT2_share0000_cy<20>)
     MUXCY:CI->O           1   0.052   0.000  Madd_CT2_share0000_cy<21> (Madd_CT2_share0000_cy<21>)
     MUXCY:CI->O           1   0.052   0.000  Madd_CT2_share0000_cy<22> (Madd_CT2_share0000_cy<22>)
     MUXCY:CI->O           1   0.052   0.000  Madd_CT2_share0000_cy<23> (Madd_CT2_share0000_cy<23>)
     MUXCY:CI->O           1   0.052   0.000  Madd_CT2_share0000_cy<24> (Madd_CT2_share0000_cy<24>)
     MUXCY:CI->O           1   0.052   0.000  Madd_CT2_share0000_cy<25> (Madd_CT2_share0000_cy<25>)
     MUXCY:CI->O           1   0.052   0.000  Madd_CT2_share0000_cy<26> (Madd_CT2_share0000_cy<26>)
     MUXCY:CI->O           1   0.052   0.000  Madd_CT2_share0000_cy<27> (Madd_CT2_share0000_cy<27>)
     MUXCY:CI->O           1   0.052   0.000  Madd_CT2_share0000_cy<28> (Madd_CT2_share0000_cy<28>)
     MUXCY:CI->O           1   0.052   0.000  Madd_CT2_share0000_cy<29> (Madd_CT2_share0000_cy<29>)
     MUXCY:CI->O           0   0.052   0.000  Madd_CT2_share0000_cy<30> (Madd_CT2_share0000_cy<30>)
     XORCY:CI->O           1   0.699   0.426  Madd_CT2_share0000_xor<31> (CT2_share0000<31>)
     LUT2:I1->O            1   0.612   0.000  CT2_mux0000<31>1 (CT2_mux0000<31>)
     FDCE:D                    0.268          CT2_31
    ----------------------------------------
    Total                      5.560ns (4.603ns logic, 0.958ns route)
                                       (82.8% logic, 17.2% route)

=========================================================================
Timing constraint: Default OFFSET IN BEFORE for Clock 'Clk'
  Total number of paths / destination ports: 315 / 58
-------------------------------------------------------------------------
Offset:              7.332ns (Levels of Logic = 5)
  Source:            P1 (PAD)
  Destination:       CT2_0 (FF)
  Destination Clock: Clk rising

  Data Path: P1 to CT2_0
                                Gate     Net
    Cell:in->out      fanout   Delay   Delay  Logical Name (Net Name)
    ----------------------------------------  ------------
     IBUF:I->O            26   1.106   1.223  P1_IBUF (P1_IBUF)
     LUT2:I0->O            1   0.612   0.509  CT2_not00012 (CT2_not0001_map2)
     LUT4:I0->O            1   0.612   0.387  CT2_not00017 (CT2_not0001_map4)
     LUT4_L:I2->LO         1   0.612   0.103  CT2_not000132_SW0 (N137)
     LUT4:I3->O           32   0.612   1.073  CT2_not000132 (CT2_not0001)
     FDCE:CE                   0.483          CT2_0
    ----------------------------------------
    Total                      7.332ns (4.037ns logic, 3.295ns route)
                                       (55.1% logic, 44.9% route)

=========================================================================
Timing constraint: Default OFFSET OUT AFTER for Clock 'Clk'
  Total number of paths / destination ports: 1 / 1
-------------------------------------------------------------------------
Offset:              4.221ns (Levels of Logic = 1)
  Source:            Q08 (FF)
  Destination:       L (PAD)
  Source Clock:      Clk rising

  Data Path: Q08 to L
                                Gate     Net
    Cell:in->out      fanout   Delay   Delay  Logical Name (Net Name)
    ----------------------------------------  ------------
     FDCE:C->Q             5   0.514   0.538  Q08 (Q08)
     OBUF:I->O                 3.169          L_OBUF (L)
    ----------------------------------------
    Total                      4.221ns (3.683ns logic, 0.538ns route)
                                       (87.3% logic, 12.7% route)

=========================================================================
CPU : 4.57 / 4.75 s | Elapsed : 4.00 / 4.00 s
 
--> 

Total memory usage is 221060 kilobytes

Number of errors   :    0 (   0 filtered)
Number of warnings :    1 (   0 filtered)
Number of infos    :    1 (   0 filtered)

